Fri Jan 31 11:15:01 UTC 2025
Fri Jan 31 11:16:01 UTC 2025
